[2026-07-14 10:04:00.094 - INFO] name: __main__ thread: MainThread: Removed existing symlink /home/polocalc/data/current
[2026-07-14 10:04:00.094 - INFO] name: __main__ thread: MainThread: Created symlink /home/polocalc/data/current -> /home/polocalc/data/20260714_100400
[2026-07-14 10:04:00.163 - ERROR] name: porter.threads thread: MainThread: Error importing Sony Camera module: module 'logging' has no attribute 'getself'
[2026-07-14 10:04:00.222 - DEBUG] name: vmbpyLog thread: MainThread: Loading VmbC from /opt/VimbaX_2026-1/api/lib/libVmbC.so
[2026-07-14 10:04:00.231 - DEBUG] name: vmbpyLog thread: MainThread: Loading VmbImageTransform from /opt/VimbaX_2026-1/api/lib/libVmbImageTransform.so
[2026-07-14 10:04:00.254 - INFO] name: porter.threads thread: MainThread: Alvium Camera module imported successfully
[2026-07-14 10:04:00.535 - INFO] name: porter.threads thread: MainThread: Lager module imported successfully
[2026-07-14 10:04:00.536 - INFO] name: __main__ thread: MainThread: Starting main program...
[2026-07-14 10:04:00.543 - INFO] name: __main__ thread: MainThread: Loaded configuration config/default.yml
[2026-07-14 10:04:00.547 - INFO] name: __main__ thread: MainThread: Saved configuration config/default.yml copy to /home/polocalc/data/20260714_100400/default.yml
[2026-07-14 10:04:01.547 - INFO] name: __main__ thread: MainThread: Found status writer key in config
[2026-07-14 10:04:01.548 - INFO] name: porter.threads thread: Thread-2: StatusWriter started, writing to /tmp/porter_status.json at 1 Hz
[2026-07-14 10:04:01.548 - INFO] name: __main__ thread: MainThread: StatusWriter started at 1 Hz
[2026-07-14 10:04:01.548 - INFO] name: __main__ thread: MainThread: Found sensor key in config
[2026-07-14 10:04:01.548 - INFO] name: __main__ thread: MainThread: Starting sensor threads...
[2026-07-14 10:04:01.548 - INFO] name: __main__ thread: MainThread: Initializing sensor GPS_1
[2026-07-14 10:04:01.548 - INFO] name: __main__ thread: MainThread: Initializing sensor ADC_1
[2026-07-14 10:04:01.548 - INFO] name: __main__ thread: MainThread: Initializing sensor IMX5_1
[2026-07-14 10:04:01.548 - INFO] name: __main__ thread: MainThread: Initializing sensor DAC_1
[2026-07-14 10:04:01.549 - INFO] name: __main__ thread: MainThread: Initializing sensor INERTIAL_1
[2026-07-14 10:04:01.549 - INFO] name: __main__ thread: MainThread: Starting thread for sensor ZED-F9P
[2026-07-14 10:04:01.549 - INFO] name: porter.sensors.ubx thread: MainThread: Connected to ublox sensor ZED-F9P @ 38400
[2026-07-14 10:04:01.550 - INFO] name: porter.sensors.ubx thread: MainThread: Bytes  === 0
[2026-07-14 10:04:01.557 - ERROR] name: pyubx2.ubxreader thread: MainThread: Unknown protocol header b'\xd3D'.
[2026-07-14 10:04:01.599 - ERROR] name: pyubx2.ubxreader thread: MainThread: Unknown protocol header b'\xb5\xc9'.
[2026-07-14 10:04:01.641 - ERROR] name: pyubx2.ubxreader thread: MainThread: Unknown protocol header b'$\x00'.
[2026-07-14 10:04:01.645 - ERROR] name: pyubx2.ubxreader thread: MainThread: Unknown protocol header b'\xd3\xdb'.
[2026-07-14 10:04:01.645 - ERROR] name: pyubx2.ubxreader thread: MainThread: Unknown protocol header b"\xb5'".
[2026-07-14 10:04:01.662 - ERROR] name: pyubx2.ubxreader thread: MainThread: Unknown protocol header b'\xd3 '.
[2026-07-14 10:04:01.716 - INFO] name: porter.sensors.ubx thread: MainThread: Output Configuration NAV-POSECEF
[2026-07-14 10:04:01.716 - INFO] name: porter.sensors.ubx thread: MainThread: Bytes  === 0
[2026-07-14 10:04:01.729 - INFO] name: porter.sensors.ubx thread: MainThread: Output Configuration NAV-POSLLH
[2026-07-14 10:04:01.729 - INFO] name: porter.sensors.ubx thread: MainThread: Bytes  === 12
[2026-07-14 10:04:01.733 - INFO] name: porter.sensors.ubx thread: MainThread: Output Configuration NAV-STATUS
[2026-07-14 10:04:01.733 - INFO] name: porter.sensors.ubx thread: MainThread: Bytes  === 4
[2026-07-14 10:04:01.741 - INFO] name: porter.sensors.ubx thread: MainThread: Output Configuration NAV-CLOCK
[2026-07-14 10:04:01.741 - INFO] name: porter.sensors.ubx thread: MainThread: Bytes  === 8
[2026-07-14 10:04:01.743 - INFO] name: porter.sensors.ubx thread: MainThread: Output Configuration ACK-ACK
[2026-07-14 10:04:01.743 - INFO] name: porter.sensors.ubx thread: MainThread: Configuration [('CFG_UART1OUTPROT_NMEA', 0), ('CFG_UART1OUTPROT_UBX', 1), ('CFG_RATE_MEAS', 500), ('CFG_MSGOUT_UBX_NAV_POSECEF_UART1', 1), ('CFG_MSGOUT_UBX_NAV_POSLLH_UART1', 1), ('CFG_MSGOUT_UBX_NAV_CLOCK_UART1', 1), ('CFG_MSGOUT_UBX_NAV_STATUS_UART1', 1), ('CFG_MSGOUT_UBX_RXM_RAWX_UART1', 1), ('CFG_MSGOUT_UBX_RXM_SFRBX_UART1', 1), ('CFG_MSGOUT_NMEA_ID_RMC_UART2', 1), ('CFG_MSGOUT_NMEA_ID_GST_UART2', 1)]
[2026-07-14 10:04:01.743 - INFO] name: porter.sensors.ubx thread: MainThread: Bytes  === 0
[2026-07-14 10:04:01.767 - INFO] name: porter.sensors.ubx thread: MainThread: Output Configuration ACK-ACK
[2026-07-14 10:04:01.767 - INFO] name: porter.sensors.ubx thread: MainThread: Configuration [('CFG_UART1OUTPROT_NMEA', 0), ('CFG_UART1OUTPROT_UBX', 1), ('CFG_RATE_MEAS', 500), ('CFG_MSGOUT_UBX_NAV_POSECEF_UART1', 1), ('CFG_MSGOUT_UBX_NAV_POSLLH_UART1', 1), ('CFG_MSGOUT_UBX_NAV_CLOCK_UART1', 1), ('CFG_MSGOUT_UBX_NAV_STATUS_UART1', 1), ('CFG_MSGOUT_UBX_RXM_RAWX_UART1', 1), ('CFG_MSGOUT_UBX_RXM_SFRBX_UART1', 1), ('CFG_MSGOUT_NMEA_ID_RMC_UART2', 1), ('CFG_MSGOUT_NMEA_ID_GST_UART2', 1)]
[2026-07-14 10:04:01.768 - INFO] name: porter.threads thread: Thread-4: Sensor ZED-F9P started
[2026-07-14 10:04:01.768 - INFO] name: __main__ thread: MainThread: Thread started for sensor ZED-F9P
[2026-07-14 10:04:01.768 - INFO] name: __main__ thread: MainThread: Starting thread for sensor ADS1015
[2026-07-14 10:04:01.768 - INFO] name: porter.sensors.ads1015 thread: MainThread: Connected to ADC ADS1015
[2026-07-14 10:04:01.768 - INFO] name: porter.sensors.ads1015 thread: MainThread: Configured ADS1015
[2026-07-14 10:04:01.768 - INFO] name: porter.sensors.ads1015 thread: MainThread: Current ADC Data Rate: 1600 Hz
[2026-07-14 10:04:01.768 - INFO] name: porter.sensors.ads1015 thread: MainThread: Current Gain Setting 16: 0.256
[2026-07-14 10:04:01.768 - INFO] name: porter.threads thread: Thread-5: Sensor ADS1015 started
[2026-07-14 10:04:01.768 - INFO] name: __main__ thread: MainThread: Thread started for sensor ADS1015
[2026-07-14 10:04:01.769 - INFO] name: __main__ thread: MainThread: Starting thread for sensor IMX5-Sensors
[2026-07-14 10:04:01.772 - INFO] name: porter.sensors.IMX5SensorModule thread: MainThread: Connected to IMX5 sensors IMX5-Sensors
[2026-07-14 10:04:01.772 - INFO] name: porter.sensors.IMX5SensorModule thread: MainThread: Configured IMX5-Sensors
[2026-07-14 10:04:01.772 - INFO] name: porter.sensors.IMX5SensorModule thread: MainThread: Current IMX5 Sensors Data Rate: 1000 Hz
[2026-07-14 10:04:01.772 - INFO] name: porter.sensors.IMX5SensorModule thread: MainThread: Current IMX5 INS Data Rate: 142 Hz
[2026-07-14 10:04:01.773 - INFO] name: porter.threads thread: Thread-6: Sensor IMX5-Sensors started
[2026-07-14 10:04:01.773 - INFO] name: __main__ thread: MainThread: Thread started for sensor IMX5-Sensors
[2026-07-14 10:04:01.773 - INFO] name: porter.sensors.IMX5SensorModule thread: Thread-6: Running command: bin/IMX5SensorModule --imu-rate 1000 --ins-rate 142 --baud-rate 921600 --outputdir /home/polocalc/data/20260714_100400/sensors_data/IMX5-Sensors_20260714_100400.bin --device /dev/ttyACM0 --core 2
[2026-07-14 10:04:01.773 - INFO] name: __main__ thread: MainThread: Starting thread for sensor MCP4725
[2026-07-14 10:04:01.779 - INFO] name: porter.sensors.mcp4725 thread: MainThread: Set DAC voltage: 2.0
[2026-07-14 10:04:01.780 - INFO] name: porter.threads thread: Thread-7: Sensor MCP4725 started
[2026-07-14 10:04:01.780 - INFO] name: __main__ thread: MainThread: Thread started for sensor MCP4725
[2026-07-14 10:04:01.780 - INFO] name: porter.sensors.mcp4725 thread: Thread-7: Starting continuous binary read for MCP4725
[2026-07-14 10:04:01.780 - INFO] name: __main__ thread: MainThread: Starting thread for sensor Inertial
[2026-07-14 10:04:01.780 - INFO] name: porter.sensors.inertial thread: MainThread: Connected to inertial sensors Inertial
[2026-07-14 10:04:01.780 - INFO] name: porter.sensors.inertial thread: MainThread: Configured Inertial
[2026-07-14 10:04:01.780 - INFO] name: porter.sensors.inertial thread: MainThread: Current Inertial Sensors Data Rate: 150 Hz
[2026-07-14 10:04:01.781 - INFO] name: porter.threads thread: Thread-8: Sensor Inertial started
[2026-07-14 10:04:01.781 - INFO] name: __main__ thread: MainThread: Thread started for sensor Inertial
[2026-07-14 10:04:01.781 - WARNING] name: porter.sensors.inertial thread: Thread-8: Inertial sensors: IMU is disabled (hardcoded in porter/sensors/inertial.py)
[2026-07-14 10:04:01.781 - INFO] name: __main__ thread: MainThread: GNSS source initialized from GPS sensor
[2026-07-14 10:04:01.781 - INFO] name: __main__ thread: MainThread: Found camera key in config
[2026-07-14 10:04:01.784 - INFO] name: porter.telemetry.command_server thread: MainThread: Registered command handler: camera.start
[2026-07-14 10:04:01.784 - INFO] name: __main__ thread: MainThread: Thread started for camera Alvium
[2026-07-14 10:04:02.774 - ERROR] name: porter.sensors.ads1015 thread: Thread-5: ADS1015 process exited unexpectedly (exit code 127)
[2026-07-14 10:04:02.774 - INFO] name: porter.sensors.ads1015 thread: Thread-5: Closed sensor ADS1015
[2026-07-14 10:04:02.774 - INFO] name: porter.threads thread: Thread-5: Sensor ADS1015 closed
[2026-07-14 10:04:03.784 - INFO] name: __main__ thread: MainThread: Found pointing controller key in config
[2026-07-14 10:04:03.785 - INFO] name: __main__ thread: MainThread: Thread started for pointing controller lager
[2026-07-14 10:04:03.785 - INFO] name: lager.PointingController thread: lager: Controller initialized at 20260714_080403
[2026-07-14 10:04:03.785 - ERROR] name: __main__ thread: MainThread: Error registering commands for pointing controller lager: 'NoneType' object has no attribute 'gimbal'
[2026-07-14 10:04:03.785 - INFO] name: lager.PointingController thread: lager: Configuration loaded from provided dictionary
[2026-07-14 10:04:03.785 - INFO] name: lager.PointingController thread: lager: Configuration file is missing 'display' field. Disabling display by default.
[2026-07-14 10:04:03.785 - WARNING] name: lager.PointingController thread: lager: Configuration file is missing 'uav' section.
[2026-07-14 10:04:03.785 - INFO] name: lager.PointingController thread: lager: Gimbal type specified in configuration: Gremsy T7
[2026-07-14 10:04:03.785 - INFO] name: lager.PointingController thread: lager: Gimbal connection type: serial
[2026-07-14 10:04:03.785 - INFO] name: lager.PointingController thread: lager: Gimbal connection protocol: mavlink
[2026-07-14 10:04:03.785 - INFO] name: lager.PointingController thread: lager: Gimbal connection port: /dev/ttyAMA3
[2026-07-14 10:04:03.785 - INFO] name: lager.PointingController thread: lager: Gimbal connection baudrate: 115200
[2026-07-14 10:04:03.785 - INFO] name: lager.PointingController thread: lager: Gimbal connection timeout: 3
[2026-07-14 10:04:03.785 - INFO] name: lager.PointingController thread: lager: Gimbal telemetry frequency: 50 Hz
[2026-07-14 10:04:03.785 - INFO] name: lager.PointingController thread: lager: Gimbal heartbeat frequency: 1 Hz
[2026-07-14 10:04:03.785 - INFO] name: lager.Gimbals.Gremsy_T7.Gimbal thread: lager: Telemetry log will be saved to: /home/polocalc/data/20260714_100400/gimbal_telemetry.bin
[2026-07-14 10:04:03.786 - INFO] name: lager.PointingController thread: lager: POI type specified in configuration: POI
[2026-07-14 10:04:03.786 - INFO] name: lager.PointingController thread: lager: POI coordinates: lat=45.513511, lon=9.21168, alt=124
[2026-07-14 10:04:03.786 - INFO] name: lager.PointingController thread: lager: POI max distance: 700.0 meters
[2026-07-14 10:04:03.786 - WARNING] name: lager.PointingController thread: lager: No UAV configured, skipping connect.
[2026-07-14 10:04:03.786 - INFO] name: lager.PointingController thread: lager: Connecting to gimbal...
[2026-07-14 10:04:03.786 - INFO] name: lager.Gimbals.Gremsy_T7.Gimbal thread: lager: Trying to connect to gimbal on /dev/ttyAMA3 at 115200 baudrate
[2026-07-14 10:04:03.786 - INFO] name: lager.Gimbals.Gremsy_T7.Gimbal thread: lager: Starting heartbeat thread: heartbeat will be sent every 1.0 seconds
[2026-07-14 10:04:04.785 - INFO] name: porter.telemetry.command_server thread: MainThread: Registered command handler: gimbal.goto
[2026-07-14 10:04:04.785 - INFO] name: porter.telemetry.command_server thread: MainThread: Registered command handler: gimbal.mode
[2026-07-14 10:04:05.786 - INFO] name: porter.telemetry.command_server thread: Thread-3: Command server listening on /tmp/porter_cmd.sock
[2026-07-14 10:04:05.795 - INFO] name: lager.Gimbals.Gremsy_T7.Gimbal thread: lager: Received heartbeat from gimbal with system_id=255 and component_id=154
[2026-07-14 10:04:05.796 - INFO] name: lager.Gimbals.Gremsy_T7.Gimbal thread: lager: Starting update thread: status will be updated every 0.01 seconds
[2026-07-14 10:04:05.897 - INFO] name: lager.Gimbals.Gremsy_T7.Gimbal thread: lager: Firmware version: 7.8.7 serial number: 140
[2026-07-14 10:04:05.897 - INFO] name: lager.Gimbals.Gremsy_T7.Gimbal thread: lager: Set: MAV_RATE_ORIEN       = 10
[2026-07-14 10:04:05.897 - INFO] name: lager.Gimbals.Gremsy_T7.Gimbal thread: lager: Set: MAV_RATE_IMU         = 10
[2026-07-14 10:04:05.897 - INFO] name: lager.Gimbals.Gremsy_T7.Gimbal thread: lager: Set: MAV_RATE_ENCCNT      = 10
[2026-07-14 10:04:05.897 - INFO] name: lager.Gimbals.Gremsy_T7.Gimbal thread: lager: Set: MAV_RATE_ST          = 5
[2026-07-14 10:04:05.897 - INFO] name: lager.Gimbals.Gremsy_T7.Gimbal thread: lager: Set: STIFF_TILT       = 30
[2026-07-14 10:04:05.897 - INFO] name: lager.Gimbals.Gremsy_T7.Gimbal thread: lager: Set: STIFF_ROLL       = 35
[2026-07-14 10:04:05.897 - INFO] name: lager.Gimbals.Gremsy_T7.Gimbal thread: lager: Set: STIFF_PAN        = 45
[2026-07-14 10:04:05.898 - INFO] name: lager.Gimbals.Gremsy_T7.Gimbal thread: lager: Set: PWR_TILT         = 40
[2026-07-14 10:04:05.900 - INFO] name: lager.Gimbals.Gremsy_T7.Gimbal thread: lager: Set: PWR_ROLL         = 40
[2026-07-14 10:04:05.903 - INFO] name: lager.Gimbals.Gremsy_T7.Gimbal thread: lager: Set: PWR_PAN          = 40
[2026-07-14 10:04:05.906 - INFO] name: lager.Gimbals.Gremsy_T7.Gimbal thread: lager: Set: FILTER_OUT       = 0
[2026-07-14 10:04:05.909 - INFO] name: lager.Gimbals.Gremsy_T7.Gimbal thread: lager: Set: GYRO_LPF         = 8
[2026-07-14 10:04:05.912 - INFO] name: lager.Gimbals.Gremsy_T7.Gimbal thread: lager: Set: FLW_SP_TILT      = 90
[2026-07-14 10:04:05.915 - INFO] name: lager.Gimbals.Gremsy_T7.Gimbal thread: lager: Set: FLW_SP_PAN       = 90
[2026-07-14 10:04:05.918 - INFO] name: lager.Gimbals.Gremsy_T7.Gimbal thread: lager: Set: FLW_LPF_TILT     = 40
[2026-07-14 10:04:05.920 - INFO] name: lager.Gimbals.Gremsy_T7.Gimbal thread: lager: Set: FLW_LPF_PAN      = 40
[2026-07-14 10:04:05.925 - INFO] name: lager.Gimbals.Gremsy_T7.Gimbal thread: lager: Set: FLW_WD_TILT      = 0
[2026-07-14 10:04:05.928 - INFO] name: lager.Gimbals.Gremsy_T7.Gimbal thread: lager: Set: FLW_WD_PAN       = 0
[2026-07-14 10:04:05.930 - INFO] name: lager.Gimbals.Gremsy_T7.Gimbal thread: lager: Set: RC_LPF_TILT      = 25
[2026-07-14 10:04:05.933 - INFO] name: lager.Gimbals.Gremsy_T7.Gimbal thread: lager: Set: RC_LPF_ROLL      = 25
[2026-07-14 10:04:05.936 - INFO] name: lager.Gimbals.Gremsy_T7.Gimbal thread: lager: Set: RC_LPF_PAN       = 25
[2026-07-14 10:04:05.939 - INFO] name: lager.Gimbals.Gremsy_T7.Gimbal thread: lager: Set: RC_SPD_TILT      = 30
[2026-07-14 10:04:05.942 - INFO] name: lager.Gimbals.Gremsy_T7.Gimbal thread: lager: Set: RC_SPD_ROLL      = 30
[2026-07-14 10:04:05.945 - INFO] name: lager.Gimbals.Gremsy_T7.Gimbal thread: lager: Set: RC_SPD_PAN       = 30
[2026-07-14 10:04:05.949 - INFO] name: lager.Gimbals.Gremsy_T7.Gimbal thread: lager: Set: RC_LIM_MIN_TILT      = -120
[2026-07-14 10:04:05.952 - INFO] name: lager.Gimbals.Gremsy_T7.Gimbal thread: lager: Set: RC_LIM_MAX_TILT      = 120
[2026-07-14 10:04:05.955 - INFO] name: lager.Gimbals.Gremsy_T7.Gimbal thread: lager: Set: RC_LIM_MIN_ROLL      = -45
[2026-07-14 10:04:05.958 - INFO] name: lager.Gimbals.Gremsy_T7.Gimbal thread: lager: Set: RC_LIM_MAX_ROLL      = 45
[2026-07-14 10:04:05.961 - INFO] name: lager.Gimbals.Gremsy_T7.Gimbal thread: lager: Set: RC_LIM_MIN_PAN       = -325
[2026-07-14 10:04:05.963 - INFO] name: lager.Gimbals.Gremsy_T7.Gimbal thread: lager: Set: RC_LIM_MAX_PAN       = 325
[2026-07-14 10:04:05.966 - INFO] name: lager.Gimbals.Gremsy_T7.Gimbal thread: lager: Set: TILT_DAMPING         = 20
[2026-07-14 10:04:05.969 - INFO] name: lager.Gimbals.Gremsy_T7.Gimbal thread: lager: Set: ROLL_DAMPING         = 15
[2026-07-14 10:04:05.973 - INFO] name: lager.Gimbals.Gremsy_T7.Gimbal thread: lager: Set: PAN_DAMPING          = 20
[2026-07-14 10:04:05.976 - INFO] name: lager.Gimbals.Gremsy_T7.Gimbal thread: lager: Set: GYRO_TRUST           = 220
[2026-07-14 10:04:05.979 - INFO] name: lager.Gimbals.Gremsy_T7.Gimbal thread: lager: Set: GMB_HOME_PAN          = 0
[2026-07-14 10:04:05.982 - INFO] name: lager.Gimbals.Gremsy_T7.Gimbal thread: lager: Set: MAPPING_ANGLE         = 90
[2026-07-14 10:04:05.985 - INFO] name: lager.Gimbals.Gremsy_T7.Gimbal thread: lager: Set: RC_DZONE_TILT        = 0
[2026-07-14 10:04:05.988 - INFO] name: lager.Gimbals.Gremsy_T7.Gimbal thread: lager: Set: RC_DZONE_ROLL        = 0
[2026-07-14 10:04:05.991 - INFO] name: lager.Gimbals.Gremsy_T7.Gimbal thread: lager: Set: RC_DZONE_PAN         = 0
[2026-07-14 10:04:05.993 - INFO] name: lager.Gimbals.Gremsy_T7.Gimbal thread: lager: Set: RC_MODE_TILT         = 1
[2026-07-14 10:04:05.998 - INFO] name: lager.Gimbals.Gremsy_T7.Gimbal thread: lager: Set: RC_MODE_ROLL         = 0
[2026-07-14 10:04:06.001 - INFO] name: lager.Gimbals.Gremsy_T7.Gimbal thread: lager: Set: RC_MODE_PAN          = 1
[2026-07-14 10:04:06.003 - INFO] name: lager.Gimbals.Gremsy_T7.Gimbal thread: lager: Set: RC_TRIM_TILT         = 0
[2026-07-14 10:04:06.006 - INFO] name: lager.Gimbals.Gremsy_T7.Gimbal thread: lager: Set: RC_TRIM_ROLL         = 0
[2026-07-14 10:04:06.009 - INFO] name: lager.Gimbals.Gremsy_T7.Gimbal thread: lager: Set: RC_CHAN_STILT        = 2
[2026-07-14 10:04:06.012 - INFO] name: lager.Gimbals.Gremsy_T7.Gimbal thread: lager: Set: RC_CHAN_SPAN         = 2
[2026-07-14 10:04:06.015 - INFO] name: lager.Gimbals.Gremsy_T7.Gimbal thread: lager: Set: RC_CHAN_TILT         = 1
[2026-07-14 10:04:06.018 - INFO] name: lager.Gimbals.Gremsy_T7.Gimbal thread: lager: Set: RC_CHAN_ROLL         = 7
[2026-07-14 10:04:06.022 - INFO] name: lager.Gimbals.Gremsy_T7.Gimbal thread: lager: Set: RC_CHAN_PAN          = 0
[2026-07-14 10:04:06.025 - INFO] name: lager.Gimbals.Gremsy_T7.Gimbal thread: lager: Set: RC_CHAN_MODE         = 6
[2026-07-14 10:04:06.028 - INFO] name: lager.Gimbals.Gremsy_T7.Gimbal thread: lager: Set: RC_TYPE              = 15
[2026-07-14 10:04:06.031 - INFO] name: lager.Gimbals.Gremsy_T7.Gimbal thread: lager: Set: RC_REVERSE_AXIS      = 0
[2026-07-14 10:04:06.033 - INFO] name: lager.Gimbals.Gremsy_T7.Gimbal thread: lager: Set: MAV_EMIT_HB          = 1
[2026-07-14 10:04:06.036 - INFO] name: lager.Gimbals.Gremsy_T7.Gimbal thread: lager: Set: MAV_TS_ENCNT         = 0
[2026-07-14 10:04:06.036 - INFO] name: lager.Gimbals.Gremsy_T7.Gimbal thread: lager: Initializing goto state
[2026-07-14 10:04:06.041 - WARNING] name: lager.PointingController thread: lager: No UAV configured, skipping start telemetry.
[2026-07-14 10:04:06.041 - INFO] name: lager.PointingController thread: lager: Starting gimbal telemetry logging...
[2026-07-14 10:04:06.041 - INFO] name: lager.Gimbals.Gremsy_T7.Gimbal thread: lager: Starting gimbal telemetry logging...
[2026-07-14 10:04:06.041 - INFO] name: lager.POI thread: lager: Starting tracking of POI: POI
[2026-07-14 10:04:06.041 - INFO] name: lager.POI thread: lager: Tracking POI POI using GNSS source telemetry
[2026-07-14 10:04:12.603 - INFO] name: pyalvium.Camera thread: Thread-9: Found camera DEV_1AB22C0707F3
[2026-07-14 10:04:14.920 - INFO] name: pyalvium.Camera thread: Thread-9: Camera opened: DEV_1AB22C0707F3 - 1800 U-1242c
[2026-07-14 10:04:14.920 - INFO] name: pyalvium.Camera thread: Thread-9: Output path: /home/polocalc/data/20260714_100400/camera_data/
[2026-07-14 10:04:14.920 - INFO] name: pyalvium.Camera thread: Thread-9: Writing threads: 2
[2026-07-14 10:04:14.920 - INFO] name: pyalvium.Camera thread: Thread-9: Downloading camera features...
[2026-07-14 10:04:15.002 - INFO] name: pyalvium.Camera thread: Thread-9: Finished downloading camera features.
[2026-07-14 10:04:15.002 - INFO] name: pyalvium.Camera thread: Thread-9: Setting camera features...
[2026-07-14 10:04:15.003 - INFO] name: pyalvium.Camera thread: Thread-9: Set ExposureAuto -> Off
[2026-07-14 10:04:15.003 - INFO] name: pyalvium.Camera thread: Thread-9: Set GainAuto -> Off
[2026-07-14 10:04:15.004 - INFO] name: pyalvium.Camera thread: Thread-9: Set BalanceWhiteAuto -> Off
[2026-07-14 10:04:15.005 - INFO] name: pyalvium.Camera thread: Thread-9: Set Gamma -> 1.0
[2026-07-14 10:04:15.028 - ERROR] name: pyalvium.Camera thread: Thread-9: Failed to set feature Hue to 0.0: Invalid access while calling 'set()' of Feature 'Hue'. Read access: allowed. Write access: not allowed. 
[2026-07-14 10:04:15.029 - ERROR] name: pyalvium.Camera thread: Thread-9: Failed to set feature Saturation to 1.0: Invalid access while calling 'set()' of Feature 'Saturation'. Read access: allowed. Write access: not allowed. 
[2026-07-14 10:04:15.032 - INFO] name: pyalvium.Camera thread: Thread-9: Set Sharpness -> 0.0
[2026-07-14 10:04:15.032 - INFO] name: pyalvium.Camera thread: Thread-9: Set SensorShutterMode -> GlobalShutter
[2026-07-14 10:04:15.033 - INFO] name: pyalvium.Camera thread: Thread-9: Set ExposureTime -> 10000
[2026-07-14 10:04:15.035 - INFO] name: pyalvium.Camera thread: Thread-9: Set Gain -> 30.0
[2026-07-14 10:04:15.040 - INFO] name: pyalvium.Camera thread: Thread-9: Set OffsetX -> 0
[2026-07-14 10:04:15.046 - INFO] name: pyalvium.Camera thread: Thread-9: Set OffsetY -> 0
[2026-07-14 10:04:15.051 - INFO] name: pyalvium.Camera thread: Thread-9: Set Width -> 4128
[2026-07-14 10:04:15.057 - INFO] name: pyalvium.Camera thread: Thread-9: Set Height -> 3008
[2026-07-14 10:04:15.062 - INFO] name: pyalvium.Camera thread: Thread-9: Set BinningHorizontal -> 1
[2026-07-14 10:04:15.068 - INFO] name: pyalvium.Camera thread: Thread-9: Set BinningVertical -> 1
[2026-07-14 10:04:15.074 - INFO] name: pyalvium.Camera thread: Thread-9: Set ReverseX -> False
[2026-07-14 10:04:15.080 - INFO] name: pyalvium.Camera thread: Thread-9: Set ReverseY -> False
[2026-07-14 10:04:15.096 - INFO] name: pyalvium.Camera thread: Thread-9: Set PixelFormat -> BayerRG8
[2026-07-14 10:04:15.101 - INFO] name: pyalvium.Camera thread: Thread-9: Set SensorBitDepth -> Bpp12
[2026-07-14 10:04:15.102 - INFO] name: pyalvium.Camera thread: Thread-9: Set AdaptiveNoiseSuppressionFactor -> 1.0
[2026-07-14 10:04:15.103 - INFO] name: pyalvium.Camera thread: Thread-9: Set AcquisitionFrameRateEnable -> True
[2026-07-14 10:04:15.104 - INFO] name: pyalvium.Camera thread: Thread-9: Set AcquisitionFrameRate -> 15
[2026-07-14 10:04:15.104 - INFO] name: pyalvium.Camera thread: Thread-9: Saving camera features to file: /home/polocalc/data/20260714_100400/camera_data/camera_features.txt
[2026-07-14 10:04:15.106 - INFO] name: pyalvium.Camera thread: Thread-9: Camera features saved to /home/polocalc/data/20260714_100400/camera_data/camera_features.txt
[2026-07-14 10:04:15.106 - INFO] name: root thread: Thread-9: Starting acquisition...
[2026-07-14 10:04:15.139 - INFO] name: pyalvium.Camera thread: Thread-9: Continuous streaming started.
[2026-07-14 10:22:15.368 - ERROR] name: __main__ thread: MainThread: Caught signal Interrupt
[2026-07-14 10:22:15.450 - ERROR] name: __main__ thread: MainThread: Exception occurred: ServiceExitError
[2026-07-14 10:22:15.450 - INFO] name: __main__ thread: MainThread: Waiting for threads to finish...
[2026-07-14 10:22:15.450 - INFO] name: porter.threads thread: Thread-7: Sensor MCP4725 closed
[2026-07-14 10:22:15.451 - INFO] name: porter.threads thread: lager: Stopping Pointing Controller lager
[2026-07-14 10:22:15.451 - INFO] name: porter.sensors.IMX5SensorModule thread: Thread-6: Closed sensor IMX5-Sensors
[2026-07-14 10:22:15.452 - INFO] name: porter.sensors.inertial thread: Thread-8: Closed sensor Inertial
[2026-07-14 10:22:15.452 - INFO] name: porter.threads thread: Thread-2: StatusWriter stopped
[2026-07-14 10:22:15.453 - INFO] name: lager.POI thread: lager: Stopping tracking of POI: POI
[2026-07-14 10:22:15.453 - INFO] name: porter.threads thread: Thread-6: Sensor IMX5-Sensors closed
[2026-07-14 10:22:15.453 - INFO] name: porter.threads thread: Thread-8: Sensor Inertial closed
[2026-07-14 10:22:15.454 - INFO] name: lager.POI thread: lager: Tracking of POI POI stopped.
[2026-07-14 10:22:15.455 - WARNING] name: lager.PointingController thread: lager: No UAV configured, skipping stop telemetry.
[2026-07-14 10:22:15.455 - INFO] name: lager.PointingController thread: lager: Stopping gimbal telemetry logging...
[2026-07-14 10:22:15.455 - INFO] name: lager.Gimbals.Gremsy_T7.Gimbal thread: lager: Stopping gimbal telemetry logging...
[2026-07-14 10:22:15.455 - INFO] name: lager.Gimbals.Gremsy_T7.Gimbal thread: lager: Writing remaining 85 telemetry messages to file...
[2026-07-14 10:22:15.455 - INFO] name: lager.PointingController thread: lager: Telemetry logging stopped. Data saved to: /home/polocalc/data/20260714_100400
[2026-07-14 10:22:15.455 - WARNING] name: lager.PointingController thread: lager: No UAV configured, skipping disconnect.
[2026-07-14 10:22:15.456 - INFO] name: lager.PointingController thread: lager: Disconnecting from gimbal...
[2026-07-14 10:22:15.461 - INFO] name: lager.Gimbals.Gremsy_T7.Gimbal thread: lager: Disconnected from gimbal
[2026-07-14 10:22:15.552 - INFO] name: pyalvium.Camera thread: Thread-9: Continuous streaming stopped.
[2026-07-14 10:22:15.600 - INFO] name: porter.sensors.ubx thread: Thread-4: Closed ublox sensor ZED-F9P
[2026-07-14 10:22:15.600 - INFO] name: porter.threads thread: Thread-4: Sensor ZED-F9P closed
[2026-07-14 10:22:15.951 - INFO] name: __main__ thread: MainThread: Thread Thread-2 already finished.
[2026-07-14 10:22:15.951 - INFO] name: __main__ thread: MainThread: Thread Thread-4 already finished.
[2026-07-14 10:22:15.951 - INFO] name: __main__ thread: MainThread: Thread Thread-5 already finished.
[2026-07-14 10:22:15.951 - INFO] name: __main__ thread: MainThread: Thread Thread-6 already finished.
[2026-07-14 10:22:15.951 - INFO] name: __main__ thread: MainThread: Thread Thread-7 already finished.
[2026-07-14 10:22:15.951 - INFO] name: __main__ thread: MainThread: Thread Thread-8 already finished.
[2026-07-14 10:22:15.951 - INFO] name: __main__ thread: MainThread: Joining thread Thread-9...
[2026-07-14 10:22:16.036 - INFO] name: lager.PointingController thread: lager: Disconnected.
[2026-07-14 10:22:16.111 - INFO] name: porter.threads thread: Thread-9: Closed sensor Thread-9
[2026-07-14 10:22:16.127 - INFO] name: pyalvium.Camera thread: Thread-9: Streaming stats: 16206 frames
[2026-07-14 10:22:16.127 - INFO] name: pyalvium.Camera thread: Thread-9: fps            = 15.00±0.11
[2026-07-14 10:22:16.127 - INFO] name: pyalvium.Camera thread: Thread-9: median fps     = 15.00
[2026-07-14 10:22:16.127 - INFO] name: pyalvium.Camera thread: Thread-9: writes         = 16206
[2026-07-14 10:22:16.128 - INFO] name: pyalvium.Camera thread: Thread-9: mean_write     = 9.2 ms
[2026-07-14 10:22:16.128 - INFO] name: pyalvium.Camera thread: Thread-9: median_write   = 8.2 ms
[2026-07-14 10:22:16.128 - INFO] name: pyalvium.Camera thread: Thread-9: queue_overflow = 0.1%
[2026-07-14 10:22:16.422 - INFO] name: porter.telemetry.command_server thread: Thread-3: Command server stopped
[2026-07-14 10:22:16.892 - INFO] name: __main__ thread: MainThread: Thread Thread-9 has finished.
[2026-07-14 10:22:16.892 - INFO] name: __main__ thread: MainThread: Thread lager already finished.
